=======================================================
  SQE1 Site Updater
=======================================================

[1/4] Parsing questions from: /sessions/exciting-youthful-dijkstra/mnt/Formation Solicitor/Tests
  ✓ 963 questions parsed

[2/4] Updating COLP question bank in standalone HTML...
  ✓ QUESTION_BANK (COLP) replaced (963 questions)
  ✓ SRA_BANK and REVISE_BANK left untouched
  ✓ Standalone HTML written (1,883,207 chars)
  ✓ Teaching calendar refreshed (117 modules)

[2b/4] Injecting personal mistake flashcards into revision guide...

[Mistakes] Loading wrong answers...
  Local progress.json: 15 wrong answers
  ⚠ Could not reach progress API: <urlopen error Tunnel connection failed: 403 Forbidden>
  Hostinger API: 0 wrong answers
  Canvas PDFs: 66 wrong answers
  H5P PDFs: 207 wrong answers
      3 wrong  SQE1 Mock Exam 0807.pdf
      4 wrong  SQE1 Mock Exam FLK 2 0708.pdf
      3 wrong  SQE1 Mock Exam FLK1 0608.pdf
      7 wrong  SQE1 Mock Exam FLK2 0408.pdf
      7 wrong  SQE1 Mock Exam SQQE1 3107.pdf
      5 wrong  SQE1 Mock Exam.pdf
      2 wrong  SQE1 Mock Exam1.pdf
      3 wrong  SQE1 Mock Exam2.pdf
      5 wrong  SQE1 Mock Exam3.pdf
    (5 skipped — answer key has since been corrected, the original mark was a false negative)

  [audit] 8 question(s) where a mock result disagrees with the current answer key:
    • SQE1 Mock Exam FLK1 0608.pdf — false negative
        Q: A contractual dispute between two roommates is worth a large amount of money. It
        recorded correct: Tribunal
        bank now says   : High Court (King's Bench Division)
        → you answered this correctly; the mark was wrong
    • SQE1 Mock Exam.pdf — false negative
        Q: A contractual dispute between two roommates is worth a large amount of money. It
        recorded correct: County Court
        bank now says   : High Court (King's Bench Division)
        → you answered this correctly; the mark was wrong
    • SQE1 Mock Exam.pdf — false negative
        Q: Two neighbours had an argument. One neighbour got very angry, took a knife and s
        recorded correct: Magistratesʼ Court
        bank now says   : Crown Court
        → you answered this correctly; the mark was wrong
    • SQE1 Mock Exam.pdf — key changed
        Q: A developer wishing to build a new shopping centre needs to buy a small terrace 
        recorded correct: The resident was subject to duress over the sale. The contract is void
        bank now says   : The resident was subject to duress to property over the sale but there
    • SQE1 Mock Exam2.pdf — false negative
        Q: A landlord has let a private dwelling to a tenant for 12 months at a rent of £70
        recorded correct: Only if the lease contains a covenant by the landlord for quiet enjoym
        bank now says   : Yes, the landlord is in breach of the duty of quiet enjoyment.
        → you answered this correctly; the mark was wrong
    • SQE1 Mock Exam2.pdf — key changed
        Q: A defendant is due to be tried at the Crown Court but has not appeared by the al
        recorded correct: The judge may proceed in the defendantʼs absence. The judge should pro
        bank now says   : The judge may proceed in the defendant’s absence.
    • SQE1 Mock Exam2.pdf — false negative
        Q: A bank held a charge over the property of a borrower as security for a mortgage 
        recorded correct: The court
        bank now says   : The bank
        → you answered this correctly; the mark was wrong
    • SQE1 Mock Exam3.pdf — key changed
        Q: All three partners in a new partnership agree to make initial capital contributi
        recorded correct: capital and on the loan at a rate chosen by the partners, but in defau
        bank now says   : A written partnership agreement could provide for both interest on cap
    (report only — nothing was changed. Add an entry to answer_overrides.json to pin any of these.)
  Mock exam PDFs: 39 wrong answers
  Total wrong answers: 327
  Mapped to 262 flashcard(s) across 13 deck(s): ['BUS7', 'COND', 'CONT', 'CRML', 'CRMP', 'DISP', 'LAND', 'PROP', 'SERV', 'SYS', 'TORT', 'TRUS', 'WILL']
  ✓ Injected 22 mistake flashcard(s) into 'TRUS' deck
  ✓ Injected 22 mistake flashcard(s) into 'LAND' deck
  ✓ Injected 27 mistake flashcard(s) into 'CRMP' deck
  ✓ Injected 13 mistake flashcard(s) into 'COND' deck
  ✓ Injected 24 mistake flashcard(s) into 'CONT' deck
  ✓ Injected 33 mistake flashcard(s) into 'DISP' deck
  ✓ Injected 27 mistake flashcard(s) into 'BUS7' deck
  ✓ Injected 17 mistake flashcard(s) into 'WILL' deck
  ✓ Injected 8 mistake flashcard(s) into 'SYS' deck
  ✓ Injected 13 mistake flashcard(s) into 'TORT' deck
  ✓ Injected 33 mistake flashcard(s) into 'CRML' deck
  ✓ Injected 16 mistake flashcard(s) into 'PROP' deck
  ✓ Injected 7 mistake flashcard(s) into 'SERV' deck
  ✓ Revision guide flashcards updated with personal mistakes

[2c/4] Uploading progress.php to Hostinger...
  ℹ Skipped in sandbox (no outbound FTP). Run locally to upload.

[3/4] Publishing to GitHub...

[4/4] Publishing 4 file(s) via sandbox clone...
  ✓ no changes to publish (origin already current)

✓ Done! Site updated at:
  https://rfn2jk9dw9-max.github.io/SQE-Prep/
=======================================================
