Found 107 PDF files
  [dedup] replacing BUS7.1: Business organisations: Ghita Bennis (She:Her).pdf → BUS7.1_ Business organisations_ Ghita Bennis (She_Her).pdf
  [dedup] replacing BUS7.3: Partners' responsibilities and liability: Ghita Bennis (She:Her).pdf → BUS7.3_ Partners' responsibilities and liability.pdf
  [dedup] replacing BUS7.4: Incorporation of a company: Ghita Bennis (She:Her).pdf → BUS7.4_ Incorporation of a company.pdf
  [dedup] replacing COND3.2: Overview of Principles and Codes Part 2: Ghita Bennis (She:Her).pdf → COND3.2_ Overview of Principles and Codes Part 2.pdf
  [dedup] replacing COND3.3: Code of Conduct for Solicitors, RELs and RFLs: Ghita Bennis (She:Her).pdf → COND3.3_ Code of Conduct for Solicitors, RELs and RFLs.pdf
  [dedup] replacing CRML5.2: Understanding fault and blame: Ghita Bennis (She:Her).pdf → CRML5.2_ Understanding fault and blame.pdf
  [dedup] replacing CRMP9.3: First appearance and bail: Ghita Bennis (She:Her).pdf → CRMP9.3: First appearance and bail: Ghita Bennis .pdf
  [dedup] replacing DISP8.1: Options for dispute resolution: Ghita Bennis (She:Her).pdf → DISP8.1_ Options for dispute resolution_ Ghita Bennis (She_Her).pdf
  [dedup] replacing DISP8.2: Building a claim: Ghita Bennis (She:Her).pdf → DISP8.2_ Building a claim_ Ghita Bennis (She_Her).pdf
  [dedup] replacing DISP8.3: Pre-action conduct: Ghita Bennis (She:Her).pdf → DISP8.3_ Pre-action conduct.pdf
  [dedup] replacing DISP8.4: Commencing court proceedings: Ghita Bennis (She:Her).pdf → DISP8.4_ Commencing court proceedings.pdf
  [dedup] replacing LAND4.2: Title to land: Ghita Bennis (She:Her).pdf → LAND4.2_ Title to land.pdf
  [dedup] replacing LAND4.3: Methods to protect and enforce third party interest: Ghita Bennis (She:Her).pdf → LAND4.3_ Methods to protect and enforce third party interest.pdf
  [dedup] replacing LAND4.4: Co-ownership and trusts: Ghita Bennis (She:Her).pdf → LAND4.4_ Co-ownership and trusts.pdf
  [dedup] replacing LAND4.5: Proprietary rights: Ghita Bennis (She:Her).pdf → LAND4.5_ Proprietary rights.pdf
  [dedup] replacing PROP12.2: Taxation – property: Ghita Bennis (She:Her).pdf → PROP12.2_ Taxation – property_ Ghita Bennis (She_Her).pdf
  [dedup] replacing SERV10.1: The regulatory role of the SRA: Ghita Bennis (She:Her).pdf → SERV10.1_ The regulatory role of the SRA_ Ghita Bennis (She_Her).pdf
  [dedup] keeping   SYS11.1_ The courts.pdf (skipping SYS11.1_ The courts_ Ghita Bennis (She_Her).pdf)
  [dedup] replacing TORT2.2: Defences: Ghita Bennis (She:Her).pdf → TORT2.2_ Defences.pdf
  [dedup] replacing TRUS6.1: Creation and requirements of express trusts: Ghita Bennis (She:Her).pdf → TRUS6.1_ Creation and requirements of express trusts_ Ghita Bennis (She_Her).pdf
  [dedup] replacing TRUS6.2: Beneficial entitlement: Ghita Bennis (She:Her).pdf → TRUS6.2_ Beneficial entitlement.pdf
After dedup: 86 unique topics
Cache loaded: 108 entries from _parse_cache.json
   10 q  [CACHED]  10.2 v2.pdf
   10 q  [CACHED]  11.2 v2 0708.pdf
   10 q  [CACHED]  12.4 v2 0708.pdf
   10 q  [CACHED]  6.3 trust v2.pdf
    8 q  [CACHED]  7.5 v2.pdf
    9 q  [CACHED]  7.6 v2 0508.pdf
    9 q  [CACHED]  8.5 v2.pdf
   10 q  [CACHED]  8.6 v2 0608.pdf
   10 q  [CACHED]  9.4 v2 0508.pdf
   10 q  [CACHED]  BUS7.10_ Debt and security_ Ghita Bennis (She_Her).pdf
   10 q  [CACHED]  BUS7.1_ Business organisations_ Ghita Bennis (She_Her).pdf
   10 q  [CACHED]  BUS7.2: Partnership agreement: Ghita Bennis (She:Her).pdf
    9 q  [CACHED]  BUS7.3_ Partners' responsibilities and liability.pdf
   10 q  [CACHED]  BUS7.4_ Incorporation of a company.pdf
   10 q  [CACHED]  BUS7.5: Shareholder rights: Ghita Bennis (She:Her).pdf
    9 q  [CACHED]  BUS7.6_ Directors' appointment and removal_ Ghita Bennis (She_Her).pdf
   10 q  [CACHED]  BUS7.7_ Directors' duties _ Ghita Bennis (She_Her).pdf
   10 q  [CACHED]  BUS7.8_ Company decision-making_ Ghita Bennis (She_Her).pdf
   10 q  [CACHED]  BUS7.9_ Share funding_ Ghita Bennis (She_Her).pdf
   10 q  [CACHED]  COND3.1: Overview of Principles and Codes Part 1: Ghita Bennis (She:Her).pdf
   10 q  [CACHED]  COND3.2_ Overview of Principles and Codes Part 2.pdf
   10 q  [CACHED]  COND3.3_ Code of Conduct for Solicitors, RELs and RFLs.pdf
   10 q  [CACHED]  COND3.4: Code of Conduct for firms: Ghita Bennis (She:Her).pdf
   10 q  [CACHED]  CONT 1.5.pdf
   10 q  [CACHED]  CONT1.1: Formation: Ghita Bennis (She:Her).pdf
    9 q  [CACHED]  CONT1.2_ Contract terms_ Ghita Bennis (She_Her).pdf
   10 q  [CACHED]  CONT1.3_ Vitiating factors_ Ghita Bennis (She_Her).pdf
   10 q  [CACHED]  CONT1.4_ Termination_ Ghita Bennis (She_Her).pdf
   10 q  [CACHED]  CRM 5.3.pdf
   10 q  [CACHED]  CRML5.1: Understanding and analysing criminal liability: Ghita Bennis (She:Her).pdf
   10 q  [CACHED]  CRML5.2_ Understanding fault and blame.pdf
   10 q  [CACHED]  CRML5.3: Defences and their impact on criminal liability: Ghita Bennis (She:Her).pdf
    9 q  [CACHED]  CRML5.4_ Criminal liability for others and incomplete acts_ Ghita Bennis (She_Her).pdf
   10 q  [CACHED]  CRMP9.1: At the police station – rights and processes: Ghita Bennis (She:Her).pdf
    9 q  [CACHED]  CRMP9.2: At the police station – interviews and advice: Ghita Bennis (She:Her).pdf
   10 q  [CACHED]  CRMP9.3: First appearance and bail: Ghita Bennis .pdf
   10 q  [CACHED]  CRMP9.4: Early trial procedures: Ghita Bennis (She:Her).pdf
   10 q  [CACHED]  CRMP9.5_ Trials and trial procedure_ Ghita Bennis (She_Her).pdf
   10 q  [CACHED]  CRMP9.6_ Evidence and proof_ Ghita Bennis (She_Her).pdf
   10 q  [CACHED]  CRMP9.7_ Hearsay and opinion evidence_ Ghita Bennis (She_Her).pdf
   10 q  [CACHED]  DISP8.10_ Evidence_ Ghita Bennis (She_Her).pdf
   10 q  [CACHED]  DISP8.1_ Options for dispute resolution_ Ghita Bennis (She_Her).pdf
   10 q  [CACHED]  DISP8.2_ Building a claim_ Ghita Bennis (She_Her).pdf
   10 q  [CACHED]  DISP8.3_ Pre-action conduct.pdf
   10 q  [CACHED]  DISP8.4_ Commencing court proceedings.pdf
    9 q  [CACHED]  DISP8.5: Service of proceedings: Ghita Bennis (She:Her).pdf
   10 q  [CACHED]  DISP8.6_ Responding to a claim_ Ghita Bennis (She_Her).pdf
   10 q  [CACHED]  DISP8.7_ Statements of case_ Ghita Bennis (She_Her).pdf
   10 q  [CACHED]  DISP8.8_ Interim applications_ Ghita Bennis (She_Her).pdf
   10 q  [CACHED]  DISP8.9_ Case management_ Ghita Bennis (She_Her).pdf
   10 q  [CACHED]  LAND4.1: Nature of land: Ghita Bennis (She:Her).pdf
   10 q  [CACHED]  LAND4.2_ Title to land.pdf
   10 q  [CACHED]  LAND4.3_ Methods to protect and enforce third party interest.pdf
   10 q  [CACHED]  LAND4.4_ Co-ownership and trusts.pdf
   10 q  [CACHED]  LAND4.5_ Proprietary rights.pdf
    9 q  [CACHED]  LAND4.6_ Leases_ Ghita Bennis (She_Her).pdf
   10 q  [CACHED]  PROP12.1: Introduction to conveyancing: Ghita Bennis (She:Her).pdf
   10 q  [CACHED]  PROP12.2_ Taxation – property_ Ghita Bennis (She_Her).pdf
    9 q  [CACHED]  PROP12.3_ Preparing the contract of sale_ Ghita Bennis (She_Her).pdf
   10 q  [CACHED]  PROP12.4_ Investigation of a registered and unregistered freehold title_ Ghita Bennis (She_Her).pdf
   10 q  [CACHED]  PROP12.5_ Pre-contract searches and enquiries_ Ghita Bennis (She_Her).pdf
   10 q  [CACHED]  PROP12.6_ Core principles of planning law_ Ghita Bennis (She_Her).pdf
   10 q  [CACHED]  PROP12.7_ Finance and acting for a lender _ Ghita Bennis (She_Her).pdf
   50 q  [CACHED]  Progress Taster 0908 FLK1.pdf
   50 q  [CACHED]  Progress Taster 0908 FLK2.pdf
   10 q  [CACHED]  SERV10.1_ The regulatory role of the SRA_ Ghita Bennis (She_Her).pdf
   10 q  [CACHED]  SERV10.2: The Equality Act 2010: Ghita Bennis (She:Her).pdf
   10 q  [CACHED]  SERV10.3_ Money laundering_ Ghita Bennis (She_Her).pdf
   20 q  [CACHED]  SLK Progress Taster A : Ghita Bennis (She:Her).pdf
   20 q  [CACHED]  SLK Progress Taster B : Ghita Bennis (She:Her).pdf
   25 q  [CACHED]  SLK Progress Test 1A.pdf
   25 q  [CACHED]  SLK Progress Test 1B.pdf
   10 q  [CACHED]  SYS11.1_ The courts.pdf
   10 q  [CACHED]  SYS11.2_ Primary legislation the structure of an Act of Parliament_ Ghita Bennis (She_Her).pdf
   10 q  [CACHED]  SYS11.3_ Core institutions of the state and how they interrelate_ Ghita Bennis (She_Her).pdf
   10 q  [CACHED]  TORT2.1: Negligence: Ghita Bennis (She:Her).pdf
   10 q  [CACHED]  TORT2.2_ Defences.pdf
   10 q  [CACHED]  TORT2.3: Occupiers’ liability: Ghita Bennis (She:Her).pdf
   10 q  [CACHED]  TORT2.4_ Pure economic loss and product liability_ Ghita Bennis (She_Her).pdf
   10 q  [CACHED]  TRUS6.1_ Creation and requirements of express trusts_ Ghita Bennis (She_Her).pdf
   10 q  [CACHED]  TRUS6.2_ Beneficial entitlement.pdf
   10 q  [CACHED]  TRUS6.3: Special types of trusts: Ghita Bennis (She:Her).pdf
   10 q  [CACHED]  TRUS6.4_ Trustees and fiduciary obligations_ Ghita Bennis (She_Her).pdf
   10 q  [CACHED]  WILL13.1: Validity of wills and codicils: Ghita Bennis (She:Her).pdf
   10 q  [CACHED]  WILL13.2_ Alterations, amendments and revocation of wills_ Ghita Bennis (She_Her).pdf
    9 q  [CACHED]  WILL13.3_ Personal representatives and interpretations of wills_ Ghita Bennis (She_Her).pdf
Cache: 86 hits, 0 misses
Cache saved: 108 entries → _parse_cache.json
  [repair] rejoined wrapped options in 9 question(s), 4 awaiting a pinned answer
  [override] 6.3 trust | 'A client was buying a new house and, on the morning of '  cidx 3→3  ('The solicitor is potentially liable for both accessory liabi')
  [override] COND3.2 | 'A solicitor is a partner at a small law firm specialisi'  cidx 0→1  ('The solicitor has breached professional conduct regulations ')
  [override] CRML5.2 | 'A solicitor acts for a client who is charged with arson'  cidx 3→3  ('The solicitor should refuse to prepare and disclose the witn')
  [override] CRMP9.1 | 'A solicitor is attending a police station to represent '  cidx 0→0  ('Consult the Custody Record.')
  [override] CRMP9.1 | 'A police officer arrests a suspect, having seen him as '  cidx 2→2  ('They had reasonable grounds to suspect that the arrestee has')
  [override] CRMP9.2 | 'A suspect is being interviewed in relation to a violent'  cidx 0→0  ('Because legal advice to remain silent and not to answer ques')
  [override] LAND4.2 | 'A lawyer is acting for a client who is purchasing a lea'  cidx 0→0  ('Yes, because a lease with more than 7 years to run on assign')
  [override] LAND4.3 | 'A development company has entered into a contract with '  cidx 3→3  ('By registering a class C(iv) land charge against the landown')
  [override] PROP12.2 | 'A VAT registered development company built a factory un'  cidx 1→1  ('VAT is payable on the purchase price at the rate of 20%.')
  [override] PROP12.2 | 'A couple are buying a new residential property on a hou'  cidx 4→4  ('There is no VAT consequence to the buyers as it is a residen')
  [override] PROP12.6 | 'A person is purchasing a property which they intend to '  cidx 3→3  ('No, the person should be concerned because the local authori')
  [override] SYS11.1 | 'Two neighbours had an argument. One neighbour got very '  cidx 3→3  ('Crown Court')
  [override] SYS11.1 | 'A defendant’s trial is at the Crown Court. In one of th'  cidx 2→2  ('No, because statements made in obiter are not binding.')
  [override] SYS11.1 | 'A contractual dispute between two roommates is worth a '  cidx 2→2  ("High Court (King's Bench Division)")
  [override] TRUS6.4 | 'A trust was set up 10 years ago by a person for their t'  cidx 3→3  ('Yes, a trustee who wishes to retire without any new trustee ')
  [override] WILL13.1 | 'A testator urgently needs to find a second witness to a'  cidx 1→1  ('The testator’s neice who is illiterate.')
  [overrides] applied 16/16 corrections
  [repair] no unresolved answers
  [dedup] question-level: 977 → 894 (83 repeat(s) removed)
